[INFO] Scanning for projects...
[INFO] 
[INFO] ------------------------< com.dexm:personajes >-------------------------
[INFO] Building personajes 0.1.0-SNAPSHOT
[INFO]   from pom.xml
[INFO] --------------------------------[ jar ]---------------------------------
[INFO] 
[INFO] >>> spring-boot:4.1.0:run (default-cli) > test-compile @ personajes >>>
[INFO] 
[INFO] --- resources:3.5.0:resources (default-resources) @ personajes ---
[INFO] Copying 2 resources from src\main\resources to target\classes
[INFO] Copying 184 resources from src\main\resources to target\classes
[INFO] 
[INFO] --- compiler:3.15.0:compile (default-compile) @ personajes ---
[INFO] Nothing to compile - all classes are up to date.
[INFO] 
[INFO] --- resources:3.5.0:testResources (default-testResources) @ personajes ---
[INFO] skip non existing resourceDirectory C:\Users\Alberto\workspace\dexm-calculator\backend\src\test\resources
[INFO] 
[INFO] --- compiler:3.15.0:testCompile (default-testCompile) @ personajes ---
[INFO] Nothing to compile - all classes are up to date.
[INFO] 
[INFO] <<< spring-boot:4.1.0:run (default-cli) < test-compile @ personajes <<<
[INFO] 
[INFO] 
[INFO] --- spring-boot:4.1.0:run (default-cli) @ personajes ---
[INFO] Attaching agents: []

  .   ____          _            __ _ _
 /\\ / ___'_ __ _ _(_)_ __  __ _ \ \ \ \
( ( )\___ | '_ | '_| | '_ \/ _` | \ \ \ \
 \\/  ___)| |_)| | | | | || (_| |  ) ) ) )
  '  |____| .__|_| |_|_| |_\__, | / / / /
 =========|_|==============|___/=/_/_/_/

 :: Spring Boot ::                (v4.1.0)

2026-08-11T10:17:23.442+02:00  INFO 21300 --- [           main] c.d.p.DexmPersonajesApplication          : Starting DexmPersonajesApplication using Java 25 with PID 21300 (C:\Users\Alberto\workspace\dexm-calculator\backend\target\classes started by Alberto in C:\Users\Alberto\workspace\dexm-calculator\backend)
2026-08-11T10:17:23.446+02:00  INFO 21300 --- [           main] c.d.p.DexmPersonajesApplication          : No active profile set, falling back to 1 default profile: "default"
2026-08-11T10:17:24.202+02:00  INFO 21300 --- [           main] .s.d.r.c.RepositoryConfigurationDelegate : Bootstrapping Spring Data JPA repositories in DEFAULT mode.
2026-08-11T10:17:24.285+02:00  INFO 21300 --- [           main] .s.d.r.c.RepositoryConfigurationDelegate : Finished Spring Data repository scanning in 70 ms. Found 13 JPA repository interfaces.
2026-08-11T10:17:24.749+02:00  INFO 21300 --- [           main] o.s.boot.tomcat.TomcatWebServer          : Tomcat initialized with port 8084 (http)
2026-08-11T10:17:24.760+02:00  INFO 21300 --- [           main] o.apache.catalina.core.StandardService   : Starting service [Tomcat]
2026-08-11T10:17:24.760+02:00  INFO 21300 --- [           main] o.apache.catalina.core.StandardEngine    : Starting Servlet engine: [Apache Tomcat/11.0.22]
2026-08-11T10:17:24.811+02:00  INFO 21300 --- [           main] b.w.c.s.WebApplicationContextInitializer : Root WebApplicationContext: initialization completed in 1311 ms
2026-08-11T10:17:25.033+02:00  INFO 21300 --- [           main] com.zaxxer.hikari.HikariDataSource       : HikariPool-1 - Starting...
2026-08-11T10:17:25.147+02:00  INFO 21300 --- [           main] com.zaxxer.hikari.pool.HikariPool        : HikariPool-1 - Added connection org.mariadb.jdbc.Connection@7ac48e10
2026-08-11T10:17:25.149+02:00  INFO 21300 --- [           main] com.zaxxer.hikari.HikariDataSource       : HikariPool-1 - Start completed.
2026-08-11T10:17:25.160+02:00  INFO 21300 --- [           main] org.flywaydb.core.FlywayExecutor         : Database: jdbc:mariadb://localhost/dexm_personajes?user=dexm&password=******** (MariaDB 12.3)
2026-08-11T10:17:25.181+02:00  WARN 21300 --- [           main] o.m.jdbc.message.server.ErrorPacket      : Error: 1193-HY000: Unknown system variable 'WSREP_ON'
2026-08-11T10:17:25.228+02:00  WARN 21300 --- [           main] o.f.c.internal.database.base.Database    : Using MariaDB 12.3 which is newer than the version Flyway has been verified with. The latest verified version of MariaDB is 11.7.
2026-08-11T10:17:25.276+02:00  INFO 21300 --- [           main] o.f.core.internal.command.DbValidate     : Successfully validated 23 migrations (execution time 00:00.035s)
2026-08-11T10:17:25.285+02:00  INFO 21300 --- [           main] o.f.core.internal.command.DbMigrate      : Current version of schema `dexm_personajes`: 22
2026-08-11T10:17:25.296+02:00  INFO 21300 --- [           main] o.f.core.internal.command.DbMigrate      : Migrating schema `dexm_personajes` to version "23 - security users campaign ownership"
2026-08-11T10:17:25.462+02:00  INFO 21300 --- [           main] o.f.core.internal.command.DbMigrate      : Successfully applied 1 migration to schema `dexm_personajes`, now at version v23 (execution time 00:00.154s)
2026-08-11T10:17:25.536+02:00  INFO 21300 --- [           main] org.hibernate.orm.jpa                    : HHH008540: Processing PersistenceUnitInfo [name: default]
2026-08-11T10:17:25.582+02:00  INFO 21300 --- [           main] org.hibernate.orm.core                   : HHH000001: Hibernate ORM core version 7.4.1.Final
2026-08-11T10:17:25.946+02:00  INFO 21300 --- [           main] o.s.o.j.p.SpringPersistenceUnitInfo      : No LoadTimeWeaver setup: ignoring JPA class transformer
2026-08-11T10:17:26.013+02:00  INFO 21300 --- [           main] org.hibernate.orm.connections.pooling    : HHH10001005: Database info:
	Database JDBC URL [jdbc:mariadb://localhost/dexm_personajes?user=dexm&password=***]
	Database driver: MariaDB Connector/J
	Database dialect: MariaDBDialect
	Database version: 12.3.2
	Default catalog/schema: dexm_personajes/undefined
	Autocommit mode: undefined/unknown
	Isolation level: REPEATABLE_READ [default REPEATABLE_READ]
	JDBC fetch size: none
	Pool: DataSourceConnectionProvider
	Minimum pool size: undefined/unknown
	Maximum pool size: undefined/unknown
2026-08-11T10:17:27.088+02:00  INFO 21300 --- [           main] org.hibernate.orm.core                   : HHH000489: No JTA platform available (set 'hibernate.transaction.jta.platform' to enable JTA platform integration)
2026-08-11T10:17:27.152+02:00  INFO 21300 --- [           main] j.LocalContainerEntityManagerFactoryBean : Initialized JPA EntityManagerFactory for persistence unit 'default'
2026-08-11T10:17:27.218+02:00  INFO 21300 --- [           main] o.s.d.j.r.query.QueryEnhancerFactories   : Hibernate is in classpath; If applicable, HQL parser will be used.
2026-08-11T10:17:28.408+02:00  INFO 21300 --- [           main] o.s.boot.tomcat.TomcatWebServer          : Tomcat started on port 8084 (http) with context path '/'
2026-08-11T10:17:28.437+02:00  INFO 21300 --- [           main] c.d.p.DexmPersonajesApplication          : Started DexmPersonajesApplication in 5.46 seconds (process running for 5.855)
[INFO] ------------------------------------------------------------------------
[INFO] BUILD FAILURE
[INFO] ------------------------------------------------------------------------
[INFO] Total time:  02:51 min
[INFO] Finished at: 2026-08-11T10:20:11+02:00
[INFO] ------------------------------------------------------------------------
[ERROR] Failed to execute goal org.springframework.boot:spring-boot-maven-plugin:4.1.0:run (default-cli) on project personajes: Process terminated with exit code: -1 -> [Help 1]
[ERROR] 
[ERROR] To see the full stack trace of the errors, re-run Maven with the -e switch.
[ERROR] Re-run Maven using the -X switch to enable full debug logging.
[ERROR] 
[ERROR] For more information about the errors and possible solutions, please read the following articles:
[ERROR] [Help 1] http://cwiki.apache.org/confluence/display/MAVEN/MojoExecutionException
